__hash:A
_hash:nb
_meta:Da
_next:Oa
_rest:fc
_seq:xb
afn:B
afterRender:Ob
args:yb
arr:j
auto_run:Ea
beforeFlush:Pb
bitmap:V
buf:hc
buffer_:Pa
callOnce:ic
captured:jc
caught:kc
cb:Bc
chunk:qa
chunk_next:Qb
cljs$core$APersistentVector$:lc
cljs$core$Fn$:Vc
cljs$core$IAssociative$:Wc
cljs$core$IAssociative$_assoc$arity$3:Ga
cljs$core$IAssociative$_contains_key_QMARK_$arity$2:Qa
cljs$core$IChunk$_drop_first$arity$1:mc
cljs$core$IChunkedNext$_chunked_next$arity$1:Rb
cljs$core$IChunkedSeq$:Ed
cljs$core$IChunkedSeq$_chunked_first$arity$1:zb
cljs$core$IChunkedSeq$_chunked_rest$arity$1:Ja
cljs$core$ICollection$:Fd
cljs$core$ICollection$_conj$arity$2:$
cljs$core$IComparable$:ob
cljs$core$IComparable$_compare$arity$2:Ka
cljs$core$ICounted$:Cc
cljs$core$ICounted$_count$arity$1:W
cljs$core$IDeref$:Dc
cljs$core$IDeref$_deref$arity$1:wa
cljs$core$IDrop$:Gd
cljs$core$IDrop$_drop$arity$2:Ha
cljs$core$IEditableCollection$:Xc
cljs$core$IEditableCollection$_as_transient$arity$1:pb
cljs$core$IEmptyableCollection$:Yc
cljs$core$IEmptyableCollection$_empty$arity$1:Y
cljs$core$IEncodeClojure$:Td
cljs$core$IEncodeClojure$_js__GT_clj$arity$2:Zc
cljs$core$IEncodeJS$:$c
cljs$core$IEncodeJS$_clj__GT_js$arity$1:ad
cljs$core$IEquiv$_equiv$arity$2:N
cljs$core$IFind$_find$arity$2:qb
cljs$core$IFn$:Id
cljs$core$IFn$_invoke$arity$0:F
cljs$core$IFn$_invoke$arity$1:g
cljs$core$IFn$_invoke$arity$10:Ra
cljs$core$IFn$_invoke$arity$11:Sa
cljs$core$IFn$_invoke$arity$12:Ta
cljs$core$IFn$_invoke$arity$13:Ua
cljs$core$IFn$_invoke$arity$14:Va
cljs$core$IFn$_invoke$arity$15:Wa
cljs$core$IFn$_invoke$arity$16:Xa
cljs$core$IFn$_invoke$arity$17:Ya
cljs$core$IFn$_invoke$arity$18:Za
cljs$core$IFn$_invoke$arity$19:$a
cljs$core$IFn$_invoke$arity$2:h
cljs$core$IFn$_invoke$arity$20:ab
cljs$core$IFn$_invoke$arity$21:nc
cljs$core$IFn$_invoke$arity$3:i
cljs$core$IFn$_invoke$arity$4:u
cljs$core$IFn$_invoke$arity$5:J
cljs$core$IFn$_invoke$arity$6:ua
cljs$core$IFn$_invoke$arity$7:bb
cljs$core$IFn$_invoke$arity$8:cb
cljs$core$IFn$_invoke$arity$9:eb
cljs$core$IFn$_invoke$arity$variadic:l
cljs$core$IHash$:Jd
cljs$core$IHash$_hash$arity$1:P
cljs$core$IIndexed$:Ec
cljs$core$IIndexed$_nth$arity$2:O
cljs$core$IIndexed$_nth$arity$3:na
cljs$core$IIterable$:Kd
cljs$core$IIterable$_iterator$arity$1:ta
cljs$core$IKVReduce$:bd
cljs$core$IKVReduce$_kv_reduce$arity$3:Ab
cljs$core$IList$:Ld
cljs$core$ILookup$:cd
cljs$core$ILookup$_lookup$arity$2:oa
cljs$core$ILookup$_lookup$arity$3:S
cljs$core$IMap$:dd
cljs$core$IMap$_dissoc$arity$2:oc
cljs$core$IMapEntry$:Md
cljs$core$IMapEntry$_key$arity$1:ed
cljs$core$IMapEntry$_val$arity$1:fd
cljs$core$IMeta$:gd
cljs$core$IMeta$_meta$arity$1:T
cljs$core$INamed$:Fc
cljs$core$INext$:Bb
cljs$core$INext$_next$arity$1:ca
cljs$core$IPrintWithWriter$:Z
cljs$core$IPrintWithWriter$_pr_writer$arity$3:M
cljs$core$IRecord$:Nd
cljs$core$IReduce$:hd
cljs$core$IReduce$_reduce$arity$2:ga
cljs$core$IReduce$_reduce$arity$3:ha
cljs$core$IReset$_reset_BANG_$arity$2:ra
cljs$core$ISeq$:rb
cljs$core$ISeq$_first$arity$1:da
cljs$core$ISeq$_rest$arity$1:ea
cljs$core$ISeqable$:jd
cljs$core$ISeqable$_seq$arity$1:R
cljs$core$ISequential$:pc
cljs$core$ISet$:kd
cljs$core$ISet$_disjoin$arity$2:Gc
cljs$core$IStack$_peek$arity$1:fb
cljs$core$IStack$_pop$arity$1:gb
cljs$core$ISwap$_swap_BANG_$arity$2:Sb
cljs$core$ISwap$_swap_BANG_$arity$3:Tb
cljs$core$ISwap$_swap_BANG_$arity$4:Ub
cljs$core$ISwap$_swap_BANG_$arity$5:Vb
cljs$core$ITransientAssociative$_assoc_BANG_$arity$3:sb
cljs$core$ITransientCollection$_conj_BANG_$arity$2:tb
cljs$core$ITransientCollection$_persistent_BANG_$arity$1:Cb
cljs$core$IUUID$:ld
cljs$core$IVector$:Od
cljs$core$IVector$_assoc_n$arity$3:hb
cljs$core$IWatchable$_add_watch$arity$3:Db
cljs$core$IWatchable$_notify_watches$arity$3:Wb
cljs$core$IWatchable$_remove_watch$arity$2:Eb
cljs$core$IWithMeta$_with_meta$arity$2:Sd
cljs$core$IWriter$_write$arity$2:Hc
cljs$lang$applyTo:D
cljs$lang$ctorPrWriter:md
cljs$lang$ctorStr:Xb
cljs$lang$maxFixedArity:C
cljs$lang$protocol_mask$partition$:qc
cljs$lang$protocol_mask$partition0$:m
cljs$lang$protocol_mask$partition1$:G
cljs$lang$type:Ic
cljsDOMValue:Yb
cljsInputDirty:Jc
cljsInputLive:rc
cljsLegacyRender:nd
cljsMountOrder:sc
cljsRenderedValue:od
cljsState:pd
clojure$data$Diff$diff_similar$arity$2:qd
clojure$data$EqualityPartition$equality_partition$arity$1:rd
cnt:o
collision_hash:Ia
componentQueue:Zb
custom:sd
dirty_QMARK_:La
edit:U
editable_QMARK_:ub
ensure_editable:ib
event_:Fb
fn:Gb
fn_to_element:Kc
fqn:ja
front:sa
fseq:vb
fsm_state:$b
getNextTickImpl_:td
handler:tc
hasNext:ba
has_nil_QMARK_:la
hash_map:xa
i:s
inode_assoc:ya
inode_assoc_BANG_:za
inode_find:Hb
inode_lookup:Ma
inode_seq:Ib
inode_without:Jb
inputEl:uc
iter:wb
kv_reduce:Kb
len:jb
listen:Pd
listenOnce:Qd
meta6552:ud
meta8273:vd
more:Aa
mseq:K
nextTickImpl:Lc
next_entry:Lb
next_iter:Ba
nil_val:ma
nocache_QMARK_:Mc
nodes:Ca
ns:pa
off:fa
on_dispose:Nc
on_dispose_arr:Oc
on_set:wd
opts:xd
parse_fn:ac
post_event_callback_fns:yd
ratom:aa
reaction:Mb
reagReactionCache:vc
reagent$impl$protocols$Compiler$as_element$arity$2:Pc
reagent$impl$protocols$Compiler$get_id$arity$1:zd
reagent$impl$protocols$Compiler$make_element$arity$5:Qc
reagent$impl$protocols$Compiler$parse_tag$arity$3:Rc
reagent$ratom$IDisposable$add_on_dispose_BANG_$arity$2:Sc
reagent$ratom$IDisposable$dispose_BANG_$arity$1:wc
reagent$ratom$IReactiveAtom$:bc
reagentInput:Ad
reagentRefFn:Tc
reagentRender:Na
rear:va
removed:cc
riter:Nb
root_iter:Uc
s:I
sb:Bd
scheduled_QMARK_:dc
seen:xc
str:Fa
superClass_:yc
transient_map:kb
typeCount_:ec
unlistenByKey:Rd
useSetImmediate_:Cd
uuid:lb
val:H
validator:zc
vec:ka
watches:ia
watchesArr:Ac
watching:mb
wrapCallback_:Dd
