JSCompiler_StaticMethods_assoc_BANG_:Tg
JSCompiler_StaticMethods_cljs$core$ITransientVector$_assoc_n_BANG_$arity$3:Uf
JSCompiler_StaticMethods_forceChunk:lh
JSCompiler_StaticMethods_markAsRemoved:Ho
JSCompiler_StaticMethods_re_frame$router$IEventQueue$_call_post_event_callbacks$arity$2:Fp
JSCompiler_StaticMethods_re_frame$router$IEventQueue$_fsm_trigger$arity$3:Bp
JSCompiler_StaticMethods_re_frame$router$IEventQueue$_pause$arity$2:Ep
JSCompiler_StaticMethods_re_frame$router$IEventQueue$_process_1st_event_in_queue$arity$1:Cp
JSCompiler_StaticMethods_re_frame$router$IEventQueue$_run_next_tick$arity$1:Dp
JSCompiler_StaticMethods_re_frame$router$IEventQueue$_run_queue$arity$1:Ap
JSCompiler_StaticMethods_sval:Zd
JSCompiler_prototypeAlias:g
L 0:a
L 1:b
L 10:r
L 11:t
L 12:w
L 13:y
L 14:C
L 15:D
L 16:O
L 17:S
L 18:aa
L 19:ra
L 2:c
L 20:xa
L 21:Ea
L 22:ac
L 23:Oe
L 24:vf
L 25:zh
L 26:wf
L 27:Ah
L 28:xf
L 29:Bh
L 3:d
L 30:yf
L 31:jg
L 32:yj
L 33:zj
L 34:Aj
L 4:e
L 5:f
L 6:h
L 7:k
L 8:n
L 9:q
casa_financas$components$comum$avatar:Cq
casa_financas$components$comum$barra_divisao:Eq
casa_financas$components$comum$botao_primario:Gq
casa_financas$components$comum$botao_secundario:Hq
casa_financas$components$comum$chip_pessoa:Dq
casa_financas$components$comum$modal_wrapper:Iq
casa_financas$components$comum$seletor_mes:Fq
casa_financas$core$app_autenticado:pr
casa_financas$core$botao_flutuante:nr
casa_financas$core$nav_bottom:mr
casa_financas$core$nav_item:lr
casa_financas$core$tela_ativa:or
casa_financas$db$default_db:cq
casa_financas$events$gerar_entradas_bolso:wr
casa_financas$events$remover_entradas_auto:xr
casa_financas$subs$mes_estritamente_anterior_QMARK_:gr
casa_financas$supabase$buscar_categorias_BANG_:ss
casa_financas$supabase$buscar_configuracoes_BANG_:qs
casa_financas$supabase$buscar_despesas_BANG_:iq
casa_financas$supabase$buscar_entradas_BANG_:lq
casa_financas$supabase$buscar_templates_BANG_:nq
casa_financas$supabase$buscar_todas_despesas_BANG_:er
casa_financas$supabase$buscar_todas_entradas_BANG_:fr
casa_financas$supabase$client:eq
casa_financas$supabase$deletar_BANG_:qq
casa_financas$supabase$deletar_entradas_auto_BANG_:vr
casa_financas$supabase$desmarcar_pago_BANG_:ur
casa_financas$supabase$login_BANG_:fq
casa_financas$supabase$logout_BANG_:gq
casa_financas$supabase$marcar_pago_BANG_:kq
casa_financas$supabase$salvar_categoria_BANG_:ts
casa_financas$supabase$salvar_configuracao_BANG_:rs
casa_financas$supabase$salvar_despesa_BANG_:jq
casa_financas$supabase$salvar_entrada_BANG_:mq
casa_financas$supabase$salvar_template_BANG_:oq
casa_financas$supabase$sessao_atual:hq
casa_financas$supabase$toggle_template_BANG_:pq
casa_financas$utils$cores_pessoas:us
casa_financas$utils$despesa_status:vq
casa_financas$utils$divisao_padrao:Aq
casa_financas$utils$formatar_valor_br:uq
casa_financas$utils$gerar_id:Rr
casa_financas$utils$mes_nome:tq
casa_financas$utils$meses_nomes:sq
casa_financas$utils$pessoa_cor:xq
casa_financas$utils$pessoa_inicial:zq
casa_financas$utils$pessoa_nome:yq
casa_financas$utils$soma_divisao:Bq
casa_financas$views$dashboard$calcular_saldo_pessoa:Lq
casa_financas$views$dashboard$card_pessoa:Mq
casa_financas$views$dashboard$dashboard:Nq
casa_financas$views$dashboard$pessoas_ids:Kq
casa_financas$views$despesas$despesas:Pq
casa_financas$views$despesas$item_despesa:Oq
casa_financas$views$entradas$entradas:Sq
casa_financas$views$entradas$formatar_data_curta:Qq
casa_financas$views$entradas$item_entrada:Rq
casa_financas$views$importar$importar:ds
casa_financas$views$importar$parse_csv:Zr
casa_financas$views$importar$parse_data:Tr
casa_financas$views$importar$parse_divisao:Yr
casa_financas$views$importar$parse_linha_despesa:$r
casa_financas$views$importar$parse_linha_entrada:as
casa_financas$views$importar$parse_mes_ano:Ur
casa_financas$views$importar$parse_metodo:Xr
casa_financas$views$importar$parse_pagador:Vr
casa_financas$views$importar$parse_usuario:Wr
casa_financas$views$importar$parse_valor:Sr
casa_financas$views$importar$tabela_preview_despesas:bs
casa_financas$views$importar$tabela_preview_entradas:cs
casa_financas$views$login$login:Jq
casa_financas$views$modais$date_para_dia:rr
casa_financas$views$modais$dia_para_date:qr
casa_financas$views$modais$modais:cr
casa_financas$views$modais$modal_despesa:$q
casa_financas$views$modais$modal_entrada:ar
casa_financas$views$modais$modal_nova_acao:Zq
casa_financas$views$modais$modal_template:br
casa_financas$views$modais$pessoas_ids:Vq
casa_financas$views$modais$pessoas_ids_sem_conjunta:Wq
casa_financas$views$modais$presets_divisao:yr
casa_financas$views$modais$seletor_data:hr
casa_financas$views$modais$seletor_divisao:zr
casa_financas$views$modais$seletor_pagadores:sr
casa_financas$views$settings$paleta_cores:vs
casa_financas$views$settings$secao_conta:jr
casa_financas$views$settings$secao_cores:xs
casa_financas$views$settings$seletor_cor:ws
casa_financas$views$settings$settings:kr
casa_financas$views$templates$item_template:Tq
casa_financas$views$templates$templates:Uq
cljs$core$ArrayChunk:ae
cljs$core$ArrayNode:Cg
cljs$core$ArrayNodeIterator:Gg
cljs$core$ArrayNodeSeq:Ng
cljs$core$Atom:Le
cljs$core$BitmapIndexedNode:yg
cljs$core$BitmapIndexedNode$EMPTY:Bg
cljs$core$Box:sg
cljs$core$ChunkBuffer:$d
cljs$core$ChunkedCons:ce
cljs$core$ChunkedSeq:Nf
cljs$core$Cons:Td
cljs$core$ES6EntriesIterator:bg
cljs$core$ES6Iterator:yc
cljs$core$ES6IteratorSeq:Ac
cljs$core$ES6SetEntriesIterator:dg
cljs$core$EmptyList:Sd
cljs$core$ExceptionInfo:Yh
cljs$core$Fn:Ma
cljs$core$HashCollisionNode:Kg
cljs$core$HashMapIter:Pg
cljs$core$HashSetIter:ah
cljs$core$IAssociative:db
cljs$core$ICollection:Sa
cljs$core$IComparable:Rb
cljs$core$ICounted:Oa
cljs$core$IDeref:rb
cljs$core$IEmptyableCollection:Qa
cljs$core$IEncodeClojure:Rh
cljs$core$IEncodeJS:Mh
cljs$core$IFn:Na
cljs$core$IIndexed:Ua
cljs$core$IIndexed$_nth$dyn_7944:Wa
cljs$core$IIterable:Zb
cljs$core$IKVReduce:yb
cljs$core$IList:Fb
cljs$core$ILookup:ab
cljs$core$ILookup$_lookup$dyn_7971:cb
cljs$core$IMap:hb
cljs$core$IMeta:sb
cljs$core$INIT:Ae
cljs$core$INext:$a
cljs$core$IPrintWithWriter:Ib
cljs$core$IRecord:Gb
cljs$core$IReduce:vb
cljs$core$IReduce$_reduce$dyn_8012:xb
cljs$core$ISeq:Xa
cljs$core$ISeqable:Cb
cljs$core$ISequential:Eb
cljs$core$ISet:lb
cljs$core$ISwap$_swap_BANG_$dyn_8069:Yb
cljs$core$ITER_SYMBOL:Ga
cljs$core$IVector:pb
cljs$core$IndexedSeq:G
cljs$core$IndexedSeqIterator:Sc
cljs$core$IntegerRange:jh
cljs$core$IntegerRangeChunk:hh
cljs$core$KeySeq:Vg
cljs$core$Keyword:E
cljs$core$LazySeq:Yd
cljs$core$List:Zc
cljs$core$List$EMPTY:xc
cljs$core$MapEntry:Bf
cljs$core$MetaFn:ed
cljs$core$NeverEquiv:Zf
cljs$core$NodeIterator:xg
cljs$core$NodeSeq:Lg
cljs$core$PROTOCOL_SENTINEL:m
cljs$core$PersistentArrayMap:W
cljs$core$PersistentArrayMap$EMPTY:we
cljs$core$PersistentArrayMap$HASHMAP_THRESHOLD:lg
cljs$core$PersistentArrayMap$createAsIfByAssoc:bd
cljs$core$PersistentArrayMap$createAsIfByAssocComplexPath:qg
cljs$core$PersistentArrayMapIterator:gg
cljs$core$PersistentArrayMapSeq:fg
cljs$core$PersistentHashMap:Qg
cljs$core$PersistentHashMap$EMPTY:mg
cljs$core$PersistentHashMap$fromArrays:Sg
cljs$core$PersistentHashSet:bh
cljs$core$PersistentHashSet$EMPTY:dh
cljs$core$PersistentQueue:Xf
cljs$core$PersistentQueue$EMPTY:Yf
cljs$core$PersistentQueueIter:Vf
cljs$core$PersistentQueueSeq:Wf
cljs$core$PersistentVector:U
cljs$core$PersistentVector$EMPTY:Yc
cljs$core$PersistentVector$EMPTY_NODE:V
cljs$core$PersistentVector$fromArray:Hf
cljs$core$Range:kh
cljs$core$RangeIterator:ih
cljs$core$RangedIterator:tf
cljs$core$Reduced:Gc
cljs$core$Repeat:Ve
cljs$core$START:Be
cljs$core$SeqIter:Ce
cljs$core$StringBufferWriter:cc
cljs$core$Subvec:Pf
cljs$core$Symbol:qc
cljs$core$TransientArrayMap:kg
cljs$core$TransientHashMap:Rg
cljs$core$TransientHashSet:ch
cljs$core$TransientVector:Cf
cljs$core$UUID:Vh
cljs$core$ValSeq:Wg
cljs$core$VectorNode:hf
cljs$core$_EQ_:J
cljs$core$_PLUS_:Nd
cljs$core$_STAR_print_level_STAR_:za
cljs$core$__destructure_map:ve
cljs$core$_add_watch:Kb
cljs$core$_as_transient:Nb
cljs$core$_assoc:fb
cljs$core$_assoc_BANG_:Qb
cljs$core$_assoc_n:qb
cljs$core$_chunked_first:Ub
cljs$core$_chunked_rest:Vb
cljs$core$_clj__GT_js:Nh
cljs$core$_compare:Sb
cljs$core$_conj:Ta
cljs$core$_conj_BANG_:Ob
cljs$core$_contains_key_QMARK_:eb
cljs$core$_count:Pa
cljs$core$_deref:z
cljs$core$_disjoin:mb
cljs$core$_dissoc:ib
cljs$core$_drop:bc
cljs$core$_drop_first:Tb
cljs$core$_empty:Ra
cljs$core$_equiv:Ab
cljs$core$_find:gb
cljs$core$_first:Ya
cljs$core$_hash:Bb
cljs$core$_indexOf$cljs$0core$0IFn$0_invoke$0arity$03:K
cljs$core$_iterator:$b
cljs$core$_js__GT_clj:Sh
cljs$core$_key:jb
cljs$core$_kv_reduce:zb
cljs$core$_lastIndexOf$cljs$0core$0IFn$0_invoke$0arity$03:N
cljs$core$_lookup:bb
cljs$core$_meta:tb
cljs$core$_nth:Va
cljs$core$_peek:nb
cljs$core$_persistent_BANG_:Pb
cljs$core$_pop:ob
cljs$core$_pr_writer:Jb
cljs$core$_reduce:wb
cljs$core$_remove_watch:Mb
cljs$core$_reset_BANG_:Wb
cljs$core$_rest:Za
cljs$core$_seq:Db
cljs$core$_swap_BANG_:Xb
cljs$core$_val:kb
cljs$core$_with_meta:ub
cljs$core$_write:Hb
cljs$core$aclone:Ha
cljs$core$apply:fd
cljs$core$apply$cljs$0core$0IFn$0_invoke$0arity$02:qe
cljs$core$apply$cljs$0core$0IFn$0_invoke$0arity$03:re
cljs$core$apply$cljs$0core$0IFn$0_invoke$0arity$04:se
cljs$core$apply$cljs$0core$0IFn$0_invoke$0arity$05:te
cljs$core$apply$cljs$0core$0IFn$0_invoke$0arity$0variadic:ue
cljs$core$apply_to:ke
cljs$core$apply_to_simple$cljs$0core$0IFn$0_invoke$0arity$03:me
cljs$core$apply_to_simple$cljs$0core$0IFn$0_invoke$0arity$04:ne
cljs$core$apply_to_simple$cljs$0core$0IFn$0_invoke$0arity$05:oe
cljs$core$apply_to_simple$cljs$0core$0IFn$0_invoke$0arity$06:pe
cljs$core$array_QMARK_:Ba
cljs$core$array__GT_transient_hash_map:rg
cljs$core$array_copy:sd
cljs$core$array_for:qf
cljs$core$array_index_of:eg
cljs$core$array_map:Ug
cljs$core$array_reduce$cljs$0core$0IFn$0_invoke$0arity$02:Lc
cljs$core$array_reduce$cljs$0core$0IFn$0_invoke$0arity$03:Mc
cljs$core$array_reduce$cljs$0core$0IFn$0_invoke$0arity$04:Nc
cljs$core$assoc:T
cljs$core$assoc_in:ef
cljs$core$atom$cljs$0core$0IFn$0_invoke$0arity$01:Me
cljs$core$bit_count:Rd
cljs$core$boolean$0:vd
cljs$core$bounded_count:ge
cljs$core$build_subvec:Qf
cljs$core$butlast:fh
cljs$core$char_escapes:sh
cljs$core$chunk:Cl
cljs$core$chunk_append:ee
cljs$core$chunk_buffer:be
cljs$core$chunk_cons:de
cljs$core$chunked_seq:Gf
cljs$core$chunked_seq$cljs$0core$0IFn$0_invoke$0arity$04:Ff
cljs$core$chunked_seq$cljs$0core$0IFn$0_invoke$0arity$05:Of
cljs$core$chunked_seq_QMARK_:rd
cljs$core$ci_reduce$cljs$0core$0IFn$0_invoke$0arity$02:Jc
cljs$core$ci_reduce$cljs$0core$0IFn$0_invoke$0arity$03:Kc
cljs$core$clj__GT_js:Ph
cljs$core$clone_and_set$cljs$0core$0IFn$0_invoke$0arity$03:tg
cljs$core$coll_QMARK_:ld
cljs$core$compare:zd
cljs$core$compare_indexed$cljs$0core$0IFn$0_invoke$0arity$02:Ad
cljs$core$compare_keywords:Ud
cljs$core$compare_symbols:pc
cljs$core$complement:Fe
cljs$core$concat:ie
cljs$core$conj:Xc
cljs$core$cons:P
cljs$core$contains_QMARK_:yd
cljs$core$count:M
cljs$core$counted_QMARK_:Oc
cljs$core$create_array_node_seq:Ig
cljs$core$create_array_node_seq$cljs$0core$0IFn$0_invoke$0arity$01:Hg
cljs$core$create_array_node_seq$cljs$0core$0IFn$0_invoke$0arity$03:Og
cljs$core$create_inode_seq:Ag
cljs$core$create_inode_seq$cljs$0core$0IFn$0_invoke$0arity$01:zg
cljs$core$create_inode_seq$cljs$0core$0IFn$0_invoke$0arity$03:Mg
cljs$core$create_node:Eg
cljs$core$create_node$cljs$0core$0IFn$0_invoke$0arity$06:Fg
cljs$core$create_node$cljs$0core$0IFn$0_invoke$0arity$07:Dg
cljs$core$deref:Ic
cljs$core$disj:jd
cljs$core$dissoc:cd
cljs$core$do_assoc:rf
cljs$core$doall$cljs$0core$0IFn$0_invoke$0arity$01:nh
cljs$core$drop$cljs$0core$0IFn$0_invoke$0arity$02:Se
cljs$core$drop_last$cljs$0core$0IFn$0_invoke$0arity$02:Te
cljs$core$edit_and_set$cljs$0core$0IFn$0_invoke$0arity$04:vg
cljs$core$empty:$c
cljs$core$empty_QMARK_:kd
cljs$core$empty_ordered_hash:Cc
cljs$core$empty_unordered_hash:Ec
cljs$core$equiv_map:ag
cljs$core$equiv_sequential:Uc
cljs$core$es6_entries_iterator:cg
cljs$core$es6_iterator:zc
cljs$core$es6_iterator_seq:vc
cljs$core$every_QMARK_:De
cljs$core$ex_info$cljs$0core$0IFn$0_invoke$0arity$02:Zh
cljs$core$filter$cljs$0core$0IFn$0_invoke$0arity$02:Xe
cljs$core$filterv:Bm
cljs$core$first:H
cljs$core$flatten:$e
cljs$core$fn_QMARK_:dd
cljs$core$fn__GT_comparator:Bd
cljs$core$fnil$cljs$0core$0IFn$0_invoke$0arity$02:He
cljs$core$gensym$cljs$0core$0IFn$0_invoke$0arity$01:Lh
cljs$core$gensym_counter:Kh
cljs$core$get:rc
cljs$core$get$cljs$0core$0IFn$0_invoke$0arity$02:B
cljs$core$get$cljs$0core$0IFn$0_invoke$0arity$03:sc
cljs$core$get_in$cljs$0core$0IFn$0_invoke$0arity$02:cf
cljs$core$get_in$cljs$0core$0IFn$0_invoke$0arity$03:df
cljs$core$hash:mc
cljs$core$hash_collision_node_find_index:Jg
cljs$core$hash_combine:nc
cljs$core$hash_ordered_coll:Bc
cljs$core$hash_string:lc
cljs$core$hash_unordered_coll:Dc
cljs$core$identity:Ld
cljs$core$ifn_QMARK_:wd
cljs$core$imul:ec
cljs$core$inc:Fc
cljs$core$indexed_QMARK_:Pc
cljs$core$inode_kv_reduce:wg
cljs$core$instance_QMARK_:oc
cljs$core$integer_QMARK_:xd
cljs$core$into:Ie
cljs$core$into_array$cljs$0core$0IFn$0_invoke$0arity$01:Ia
cljs$core$into_array$cljs$0core$0IFn$0_invoke$0arity$02:Ja
cljs$core$iter_reduce$cljs$0core$0IFn$0_invoke$0arity$02:Hd
cljs$core$iter_reduce$cljs$0core$0IFn$0_invoke$0arity$03:Id
cljs$core$iterable_QMARK_:uc
cljs$core$js__GT_clj$cljs$0core$0IFn$0_invoke$0arity$0variadic:Th
cljs$core$keep$cljs$0core$0IFn$0_invoke$0arity$02:Ke
cljs$core$key:Kf
cljs$core$key__GT_js$cljs$0core$0IFn$0_invoke$0arity$02:Oh
cljs$core$key_test:ng
cljs$core$keys:hg
cljs$core$keyword:Wd
cljs$core$last:Wc
cljs$core$lift_ns:Hh
cljs$core$linear_traversal_nth$cljs$0core$0IFn$0_invoke$0arity$03:ad
cljs$core$lookup_sentinel:td
cljs$core$m3_fmix:hc
cljs$core$m3_hash_unencoded_chars:ic
cljs$core$m3_mix_H1:gc
cljs$core$m3_mix_K1:fc
cljs$core$map:Qe
cljs$core$map_QMARK_:od
cljs$core$map_entry_QMARK_:Jf
cljs$core$mapv$cljs$0core$0IFn$0_invoke$0arity$02:af
cljs$core$max:Od
cljs$core$max_key:gh
cljs$core$merge:Xg
cljs$core$meta:hd
cljs$core$min:Pd
cljs$core$missing_protocol:v
cljs$core$name:Xd
cljs$core$namespace:Vd
cljs$core$native_satisfies_QMARK_:u
cljs$core$never_equiv:$f
cljs$core$new_path:mf
cljs$core$next:I
cljs$core$next_STAR_:le
cljs$core$nil_QMARK_:Aa
cljs$core$not:Ca
cljs$core$not_EQ_$cljs$0core$0IFn$0_invoke$0arity$02:xe
cljs$core$not_empty:ye
cljs$core$nth:Rc
cljs$core$nth$cljs$0core$0IFn$0_invoke$0arity$02:Qc
cljs$core$nth$cljs$0core$0IFn$0_invoke$0arity$03:R
cljs$core$pam_grow_seed_array:pg
cljs$core$pam_new_size:og
cljs$core$partial:Ge
cljs$core$partition$cljs$0core$0IFn$0_invoke$0arity$03:bf
cljs$core$peek:id
cljs$core$persistent_BANG_:je
cljs$core$pop_tail:sf
cljs$core$pr_sequential_writer:oh
cljs$core$pr_str_STAR_:dc
cljs$core$pr_str_with_opts:Fh
cljs$core$pr_writer:xh
cljs$core$pr_writer_impl:wh
cljs$core$prim_seq$cljs$0core$0IFn$0_invoke$0arity$02:Q
cljs$core$print_map:yh
cljs$core$print_meta_QMARK_:uh
cljs$core$print_prefix_map:Ih
cljs$core$push_tail:nf
cljs$core$pv_clone_node:kf
cljs$core$pv_fresh_node:jf
cljs$core$pv_reduce$cljs$0core$0IFn$0_invoke$0arity$04:zf
cljs$core$pv_reduce$cljs$0core$0IFn$0_invoke$0arity$05:Af
cljs$core$quot:Qd
cljs$core$quote_string:th
cljs$core$random_uuid:Xh
cljs$core$ranged_iterator:uf
cljs$core$record_QMARK_:pd
cljs$core$reduce:La
cljs$core$reduce$cljs$0core$0IFn$0_invoke$0arity$02:Jd
cljs$core$reduce$cljs$0core$0IFn$0_invoke$0arity$03:Ka
cljs$core$reduce_kv:Kd
cljs$core$reduced_QMARK_:Hc
cljs$core$remove$cljs$0core$0IFn$0_invoke$0arity$02:Ye
cljs$core$remove_pair:ug
cljs$core$repeat$cljs$0core$0IFn$0_invoke$0arity$02:We
cljs$core$reset_BANG_:Ne
cljs$core$rest:wc
cljs$core$second:Vc
cljs$core$select_keys:Yg
cljs$core$seq:F
cljs$core$seq_QMARK_:ud
cljs$core$seq_reduce$cljs$0core$0IFn$0_invoke$0arity$02:Fd
cljs$core$seq_reduce$cljs$0core$0IFn$0_invoke$0arity$03:Gd
cljs$core$sequential_QMARK_:nd
cljs$core$set:eh
cljs$core$set_QMARK_:md
cljs$core$some:Ee
cljs$core$some_QMARK_:oj
cljs$core$sort$cljs$0core$0IFn$0_invoke$0arity$02:Cd
cljs$core$sort_by$cljs$0core$0IFn$0_invoke$0arity$03:Ed
cljs$core$spread:he
cljs$core$str:A
cljs$core$str_:x
cljs$core$string_hash_cache:jc
cljs$core$string_hash_cache_count:kc
cljs$core$strip_ns:Gh
cljs$core$subvec:Rf
cljs$core$swap_BANG_:Pe
cljs$core$symbol:tc
cljs$core$t_cljs$0core6551:ze
cljs$core$tail_off:lf
cljs$core$take$cljs$0core$0IFn$0_invoke$0arity$02:Re
cljs$core$take_last:Ue
cljs$core$to_array:Dd
cljs$core$transduce$cljs$0core$0IFn$0_invoke$0arity$04:Md
cljs$core$tree_seq:Ze
cljs$core$truth_:p
cljs$core$tv_editable_root:Df
cljs$core$tv_editable_tail:Ef
cljs$core$tv_ensure_editable:Sf
cljs$core$tv_push_tail:Tf
cljs$core$type:Da
cljs$core$type__GT_str:Fa
cljs$core$unchecked_array_for:pf
cljs$core$update:gf
cljs$core$update_in:ff
cljs$core$uuid:Wh
cljs$core$val:Lf
cljs$core$vals:ig
cljs$core$vec:If
cljs$core$vector:Mf
cljs$core$vector_QMARK_:qd
cljs$core$vector_index_out_of_bounds:of
cljs$core$with_meta:gd
cljs$core$write_all$cljs$0core$0IFn$0_invoke$0arity$0variadic:rh
cljs$cst$1$readably:Ch
cljs$cst$10$fallback_impl:Eh
cljs$cst$100$cljsLegacyRender:$k
cljs$cst$101$childContextTypes:Zi
cljs$cst$102$contextTypes:Yj
cljs$cst$103$contextType:Vl
cljs$cst$104$getDerivedStateFromProps:Mi
cljs$cst$105$getDerivedStateFromError:Ck
cljs$cst$106$getInitialState:Ui
cljs$cst$107$constructor:ui
cljs$cst$108$reagent_render:Jj
cljs$cst$109$on_write:mi
cljs$cst$11$val:Jh
cljs$cst$110$display_name:dl
cljs$cst$111$component_did_update:pj
cljs$cst$112$component_will_unmount:gj
cljs$cst$116$id:Z
cljs$cst$117$className:yi
cljs$cst$123$function_components:fl
cljs$cst$124$parse_tag:Oi
cljs$cst$125$compiler:Mk
cljs$cst$126$callback:Lk
cljs$cst$127$log:uk
cljs$cst$128$debug:Ml
cljs$cst$129$group:Sk
cljs$cst$130$groupEnd:Di
cljs$cst$131$loaded_QMARK_:ki
cljs$cst$132$global_interceptors:hm
cljs$cst$133$sub:mm
cljs$cst$134$event:sl
cljs$cst$135$cofx:jk
cljs$cst$136$fx:ai
cljs$cst$142$after:Bk
cljs$cst$143$before:el
cljs$cst$144$unnamed:cm
cljs$cst$145$effects:ml
cljs$cst$146$coeffects:Nl
cljs$cst$147$queue:Tk
cljs$cst$148$stack:uj
cljs$cst$149$original_event:ak
cljs$cst$150$db:Kj
cljs$cst$163$_LT__:xl
cljs$cst$165$value:Bl
cljs$cst$166$flush_dom:Kk
cljs$cst$167$yield:Wk
cljs$cst$168$finish_run:pi
cljs$cst$169$pause:Ei
cljs$cst$170$add_event:pl
cljs$cst$171$run_queue:ek
cljs$cst$173$idle:zi
cljs$cst$174$scheduled:El
cljs$cst$175$running:dj
cljs$cst$176$exception:tl
cljs$cst$177$paused:Ij
cljs$cst$178$resume:Qk
cljs$cst$179$fsm_state:Jl
cljs$cst$180$trigger:wk
cljs$cst$186$do_fx:ck
cljs$cst$188$ms:Xk
cljs$cst$189$dispatch:Bi
cljs$cst$190$dispatch_later:Al
cljs$cst$191$dispatch_n:tk
cljs$cst$192$deregister_event_handler:ni
cljs$cst$193$atom:Rl
cljs$cst$194$sequential:Zk
cljs$cst$195$map:dk
cljs$cst$196$set:bm
cljs$cst$197$re_frame_DOT_std_interceptors_SLASH_not_found:Tl
cljs$cst$198$unwrap:Mj
cljs$cst$199$trim_v:fi
cljs$cst$2$meta:vh
cljs$cst$20$keyword_fn:Qh
cljs$cst$200$db_handler:Oj
cljs$cst$202$fx_handler:ol
cljs$cst$207$inject_global_interceptors:am
cljs$cst$208$categorias:Uk
cljs$cst$209$erro:Wi
cljs$cst$21$keywordize_keys:Uh
cljs$cst$210$despesas_historico:Vk
cljs$cst$211$modal:zk
cljs$cst$212$loading:Il
cljs$cst$213$aba_ativa:qk
cljs$cst$214$mes_atual:rl
cljs$cst$215$pessoa_ativa:li
cljs$cst$216$templates:nj
cljs$cst$217$entradas:Ri
cljs$cst$218$despesas:ji
cljs$cst$219$entradas_historico:rk
cljs$cst$220$configuracoes:ul
cljs$cst$221$usuario_atual:qj
cljs$cst$222$dashboard:wj
cljs$cst$223$ano:Si
cljs$cst$224$mes:Ni
cljs$cst$225$nome:ks
cljs$cst$226$cor:gk
cljs$cst$227$inicial:jj
cljs$cst$228$divisao:vk
cljs$cst$229$andre:Mr
cljs$cst$230$divisao_andre:Ej
cljs$cst$231$bianca:Fi
cljs$cst$232$divisao_bianca:xj
cljs$cst$233$fernanda:ik
cljs$cst$234$divisao_fernanda:cl
cljs$cst$235$bruna:wq
cljs$cst$236$divisao_bruna:Ql
cljs$cst$237$origem_template_id:Br
cljs$cst$238$valor:Ul
cljs$cst$239$categoria_nome:Pk
cljs$cst$240$pagadores:Pr
cljs$cst$241$dia_do_mes:Dr
cljs$cst$242$categoria_id:Hl
cljs$cst$243$descricao:xk
cljs$cst$244$data_pagamento:hl
cljs$cst$245$forma_pagamento:Qj
cljs$cst$246$pago:Zl
cljs$cst$247$pessoa_id:km
cljs$cst$248$valor_padrao:hk
cljs$cst$249$pagador_padrao:gp
cljs$cst$25$type:$l
cljs$cst$250$ativo:Ll
cljs$cst$251$forma_pagamento_padrao:Pi
cljs$cst$252$chave:tr
cljs$cst$253$emoji:Qr
cljs$cst$254$ordem:lm
cljs$cst$255$paga:tj
cljs$cst$256$vencida:bi
cljs$cst$257$pendente:bk
cljs$cst$258$initialize_db:Gk
cljs$cst$259$verificar_sessao:so
cljs$cst$260$supabase_SLASH_sessao:dm
cljs$cst$261$login:bj
cljs$cst$262$supabase_SLASH_login:mh
cljs$cst$263$email:Lj
cljs$cst$264$senha:Tj
cljs$cst$265$logout:Fk
cljs$cst$266$supabase_SLASH_logout:kk
cljs$cst$267$usuario_logado:mk
cljs$cst$268$carregar_dados:Xj
cljs$cst$269$usuario_deslogado:vl
cljs$cst$270$supabase_SLASH_buscar_despesas:Nr
cljs$cst$271$supabase_SLASH_buscar_entradas:gi
cljs$cst$272$supabase_SLASH_buscar_templates:Hr
cljs$cst$273$supabase_SLASH_buscar_historico:Xi
cljs$cst$274$supabase_SLASH_buscar_configuracoes:ql
cljs$cst$275$supabase_SLASH_buscar_categorias:vi
cljs$cst$276$set_aba:Uj
cljs$cst$277$mes_anterior:zl
cljs$cst$278$mes_proximo:fm
cljs$cst$279$abrir_modal:vj
cljs$cst$28$data:Vi
cljs$cst$280$tipo:Or
cljs$cst$281$dados:Pj
cljs$cst$282$fechar_modal:ri
cljs$cst$283$set_despesas:ci
cljs$cst$284$set_entradas:wi
cljs$cst$285$set_templates:wl
cljs$cst$286$set_historico:ll
cljs$cst$287$set_erro:Ir
cljs$cst$288$auto:ej
cljs$cst$289$despesa_ref:fs
cljs$cst$290$marcar_pago:nk
cljs$cst$291$supabase_SLASH_marcar_pago:ei
cljs$cst$292$salvar_entrada:$h
cljs$cst$293$desmarcar_pago:Gl
cljs$cst$294$supabase_SLASH_desmarcar_pago:Kl
cljs$cst$295$supabase_SLASH_deletar_entradas_auto:lj
cljs$cst$296$salvar_despesa:fe
cljs$cst$297$supabase_SLASH_salvar_despesa:gm
cljs$cst$298$deletar_despesa:Ti
cljs$cst$299$supabase_SLASH_deletar_despesa:Ii
cljs$cst$300$supabase_SLASH_salvar_entrada:al
cljs$cst$301$deletar_entrada:es
cljs$cst$302$supabase_SLASH_deletar_entrada:Ai
cljs$cst$303$salvar_template:bl
cljs$cst$304$supabase_SLASH_salvar_template:Yl
cljs$cst$305$deletar_template:yk
cljs$cst$306$supabase_SLASH_deletar_template:Ol
cljs$cst$307$toggle_template:Fj
cljs$cst$308$supabase_SLASH_toggle_template:em
cljs$cst$309$importar_templates:gs
cljs$cst$310$dia_padrao:jl
cljs$cst$311$salvar_despesa_silencioso:hs
cljs$cst$312$session:Sj
cljs$cst$313$user:Hi
cljs$cst$314$set_configuracoes:Yk
cljs$cst$315$salvar_cor_pessoa:Dj
cljs$cst$316$supabase_SLASH_salvar_configuracao:Rk
cljs$cst$317$set_categorias:Wl
cljs$cst$318$salvar_categoria:Pl
cljs$cst$319$supabase_SLASH_salvar_categoria:qo
cljs$cst$320$despesas_do_mes:Tc
cljs$cst$321$entradas_do_mes:Nj
cljs$cst$322$total_previsto_mes:Yq
cljs$cst$323$total_pago_mes:Sl
cljs$cst$324$total_entradas_mes:Zj
cljs$cst$325$saldo_acumulado_anterior:ir
cljs$cst$326$saldo_acumulado_anterior_pessoa:Dl
cljs$cst$327$cor_pessoa:Bj
cljs$cst$328$size:di
cljs$cst$329$div:Y
cljs$cst$330$background_color:yl
cljs$cst$331$span:Ar
cljs$cst$332$width:fj
cljs$cst$333$button:Fr
cljs$cst$334$on_click:Fl
cljs$cst$335$disabled:Nk
cljs$cst$336$on_close:nl
cljs$cst$337$h2:rj
cljs$cst$338$img:ij
cljs$cst$339$src:Qi
cljs$cst$340$h1:hj
cljs$cst$341$p:si
cljs$cst$342$label:Gj
cljs$cst$343$input:po
cljs$cst$344$placeholder:il
cljs$cst$345$on_change:gl
cljs$cst$346$on_key_down:Gr
cljs$cst$347$border_color:Dk
cljs$cst$348$editar_despesa:fk
cljs$cst$349$color:Jk
cljs$cst$350$todas:dr
cljs$cst$351$pendentes:$i
cljs$cst$352$pagas:im
cljs$cst$353$editar_entrada:om
cljs$cst$354$editar_template:Ek
cljs$cst$355$min:Cr
cljs$cst$356$max:Ak
cljs$cst$357$inputMode:Gi
cljs$cst$358$pattern:oi
cljs$cst$359$nova_despesa:Cj
cljs$cst$360$nova_entrada:jm
cljs$cst$361$novo_template:js
cljs$cst$362$data_input:nm
cljs$cst$363$importar:ro
cljs$cst$364$h3:mj
cljs$cst$365$dia:qm
cljs$cst$366$table:aj
cljs$cst$367$thead:Ok
cljs$cst$368$tr:Wj
cljs$cst$369$th:Vj
cljs$cst$370$tbody:qi
cljs$cst$371$td:Rj
cljs$cst$372$textarea:rq
cljs$cst$373$_GT_:sj
cljs$cst$374$strokeWidth:kl
cljs$cst$375$padding_bottom:Xq
cljs$cst$376$padding_top:Li
cljs$cst$377$settings:is
cljs$cst$378$nova_acao:ii
cljs$cst$4$print_length:ph
cljs$cst$5$validator:Hk
cljs$cst$6$cljs_DOT_core_SLASH_not_found:$g
cljs$cst$62$warn:kj
cljs$cst$63$error:Ik
cljs$cst$64$name:cj
cljs$cst$68$class:X
cljs$cst$69$style:Ci
cljs$cst$70$key:Xl
cljs$cst$79$on_dispose:ok
cljs$cst$8$more_marker:qh
cljs$cst$80$f:Ji
cljs$cst$82$auto_run:Ki
cljs$cst$83$path:sk
cljs$cst$86$on_set:pm
cljs$cst$87$no_cache:xi
cljs$cst$9$alt_impl:Dh
cljs$cst$95$shouldComponentUpdate:Yi
cljs$cst$96$componentWillUnmount:ti
cljs$cst$97$reagentRender:Hj
cljs$cst$98$render:lk
cljs$cst$99$displayName:pk
clojure$data$atom_diff:Mp
clojure$data$diff:Pp
clojure$data$diff_associative:Qp
clojure$data$diff_associative_key:Op
clojure$data$diff_sequential:Rp
clojure$data$diff_set:Sp
clojure$data$diff_similar:Up
clojure$data$equality_partition:Tp
clojure$data$vectorize:Np
clojure$set$bubble_max_key:$m
clojure$set$difference:bn
clojure$set$intersection:an
clojure$string$join$cljs$0core$0IFn$0_invoke$0arity$02:Am
clojure$string$lower_case:Jr
clojure$string$replace:zm
clojure$string$replace_all:xm
clojure$string$replace_with:ym
clojure$string$split$cljs$0core$0IFn$0_invoke$0arity$02:Kr
clojure$string$trim:Lr
comp$jscomp$inline_1502:zs
container$jscomp$inline_1503:As
event_v$jscomp$inline_1541:ys
fn_to_element$jscomp$inline_966:ns
goog$UID_PROPERTY_:ea
goog$async$nextTick:zo
goog$bind:ja
goog$bindJs_:ia
goog$bindNative_:ha
goog$dom$createElement:yo
goog$events$BrowserEvent:Co
goog$events$BrowserEvent$IE_POINTER_TYPE_MAP:Do
goog$events$BrowserFeature$PASSIVE_EVENTS:Bo
goog$events$Event:Ao
goog$events$LISTENER_MAP_PROP_:Ko
goog$events$LISTENER_WRAPPER_PROP_:Vo
goog$events$Listenable$IMPLEMENTED_BY_PROP:Eo
goog$events$ListenableKey$counter_:Fo
goog$events$Listener:Go
goog$events$ListenerMap:Io
goog$events$ListenerMap$findListenerIndex_:Jo
goog$events$getListenerMap_:Ro
goog$events$getOnString_:To
goog$events$getProxy:So
goog$events$handleBrowserEvent_:Uo
goog$events$listen:No
goog$events$listenOnce:Oo
goog$events$listen_:Qo
goog$events$listenerCountEstimate_:Mo
goog$events$onStringMap_:Lo
goog$events$wrapListener:Po
goog$getUid:da
goog$global:ba
goog$inherits:ka
goog$isObject:ca
goog$reflect$sinkValue:la
goog$string$StringBuffer:ya
goog$string$internal$trim:hi
goog$typeOf:l
goog$uidCounter_:fa
goog$userAgent$GECKO:wo
goog$userAgent$WEBKIT:xo
id$jscomp$inline_965:ms
listener$jscomp$inline_987:ps
module$contents$goog$array_defaultCompare:va
module$contents$goog$array_indexOf:ta
module$contents$goog$array_sort:ua
module$contents$goog$array_stableSort:wa
module$contents$goog$labs$userAgent$platform_isIphone:vo
module$contents$goog$labs$userAgent$util_getNativeUserAgentString:qa
module$contents$goog$labs$userAgent$util_matchUserAgent:sa
module$contents$goog$object_PROTOTYPE_FIELDS:oa
module$contents$goog$object_extend:pa
module$contents$goog$object_get:na
module$contents$goog$object_getKeys:ma
module$node_modules$$supabase$supabase_js$dist$index_cjs:dq
module$node_modules$lucide_react$dist$cjs$lucide_react:Er
module$node_modules$react$index:vm
module$node_modules$react_dom$index:wm
opts$jscomp$inline_964:ls
parse_fn$jscomp$inline_967:os
re_frame$cofx$inject_db:Lp
re_frame$core$dispatch:Yp
re_frame$core$reg_event_db:Zp
re_frame$core$reg_event_fx$cljs$0core$0IFn$0_invoke$0arity$02:$p
re_frame$core$reg_sub$cljs$0core$0IFn$0_invoke$0arity$0variadic:aq
re_frame$core$subscribe$cljs$0core$0IFn$0_invoke$0arity$01:bq
re_frame$db$app_db:bp
re_frame$events$_STAR_handling_STAR_:qp
re_frame$events$handle:rp
re_frame$fx$dispatch_later:Kp
re_frame$fx$do_fx:Jp
re_frame$fx$reg_fx:Ip
re_frame$interceptor$__GT_interceptor:lp
re_frame$interceptor$assoc_coeffect:np
re_frame$interceptor$enqueue:pp
re_frame$interceptor$get_coeffect$cljs$0core$0IFn$0_invoke$0arity$02:mp
re_frame$interceptor$invoke_interceptors:op
re_frame$interop$add_on_dispose_BANG_:Zo
re_frame$interop$deref_QMARK_:Yo
re_frame$interop$empty_queue:Je
re_frame$interop$reagent_id:ap
re_frame$interop$set_timeout_BANG_:$o
re_frame$loggers$console:dp
re_frame$loggers$loggers:cp
re_frame$registrar$clear_handlers:kp
re_frame$registrar$get_handler$cljs$0core$0IFn$0_invoke$0arity$02:ip
re_frame$registrar$kind__GT_id__GT_handler:hp
re_frame$registrar$register_handler:jp
re_frame$router$dispatch:Hp
re_frame$router$event_queue:Gp
re_frame$router$later_fns:zp
re_frame$settings$store:fp
re_frame$std_interceptors$db_handler__GT_interceptor:Vp
re_frame$std_interceptors$fx_handler__GT_interceptor:Wp
re_frame$std_interceptors$inject_global_interceptors:Xp
re_frame$subs$cache_and_return:tp
re_frame$subs$cache_lookup$cljs$0core$0IFn$0_invoke$0arity$02:up
re_frame$subs$deref_input_signals:xp
re_frame$subs$map_vals:wp
re_frame$subs$query__GT_reaction:sp
re_frame$subs$reg_sub:yp
re_frame$subs$subscribe:vp
re_frame$utils$first_in_vector:ep
reagent$core$after_render:Xo
reagent$core$atom$cljs$0core$0IFn$0_invoke$0arity$01:Wo
reagent$dom$render_comp:uo
reagent$dom$roots:to
reagent$impl$batching$RenderQueue:Tm
reagent$impl$batching$compare_mount_order:Pm
reagent$impl$batching$enqueue:Sm
reagent$impl$batching$fake_raf:Nm
reagent$impl$batching$mount_count:Mm
reagent$impl$batching$next_tick:Om
reagent$impl$batching$queue_render:Vm
reagent$impl$batching$ratom_flush:Qm
reagent$impl$batching$render_queue:Um
reagent$impl$batching$run_funs:Rm
reagent$impl$component$_STAR_current_component_STAR_:yn
reagent$impl$component$built_in_static_method_names:Zg
reagent$impl$component$cache_react_class:Kn
reagent$impl$component$camelify_map_keys:Fn
reagent$impl$component$cljsify:In
reagent$impl$component$create_class:Jn
reagent$impl$component$custom_wrapper:Cn
reagent$impl$component$dash_to_method_name:En
reagent$impl$component$functional_render:Mn
reagent$impl$component$functional_render_fn:On
reagent$impl$component$functional_render_memo_fn:Nn
reagent$impl$component$functional_wrap_render:Ln
reagent$impl$component$map_to_js:Hn
reagent$impl$component$obligatory:Dn
reagent$impl$component$props_argv:zn
reagent$impl$component$rat_opts:xn
reagent$impl$component$reagent_class_QMARK_:An
reagent$impl$component$wrap_funs:Gn
reagent$impl$component$wrap_render:Bn
reagent$impl$input$_STAR_force_set_dom_value_STAR_:Qn
reagent$impl$input$input_component_set_value:Sn
reagent$impl$input$input_handle_change:Tn
reagent$impl$input$input_node_set_value:Rn
reagent$impl$input$input_render_setup:Un
reagent$impl$input$input_spec:Vn
reagent$impl$input$these_inputs_have_selection_api:Pn
reagent$impl$protocols$as_element:Ym
reagent$impl$protocols$get_id:Wm
reagent$impl$protocols$make_element:Zm
reagent$impl$protocols$parse_tag:Xm
reagent$impl$template$HiccupTag:fo
reagent$impl$template$_STAR_current_default_compiler_STAR_:oo
reagent$impl$template$cache_get:Yn
reagent$impl$template$convert_custom_prop_value:co
reagent$impl$template$convert_prop_value:$n
reagent$impl$template$custom_kv_conv:bo
reagent$impl$template$custom_prop_name_cache:ao
reagent$impl$template$expand_seq:lo
reagent$impl$template$function_element:ho
reagent$impl$template$kv_conv:Zn
reagent$impl$template$make_element:eo
reagent$impl$template$maybe_function_element:io
reagent$impl$template$native_element:ko
reagent$impl$template$prop_name_cache:Xn
reagent$impl$template$re_tag:Wn
reagent$impl$template$reag_element:go
reagent$impl$template$t_reagent$0impl$0template8536:no
reagent$impl$template$tag_name_cache:jo
reagent$impl$template$vec_to_elem:mo
reagent$impl$util$_STAR_always_update_STAR_:Jm
reagent$impl$util$capitalize:Em
reagent$impl$util$class_names:Im
reagent$impl$util$dash_to_prop_name:Fm
reagent$impl$util$dont_camel_case:Dm
reagent$impl$util$fun_name:Gm
reagent$impl$util$get_react_key:Km
reagent$impl$util$is_client:Cm
reagent$impl$util$named_QMARK_:Hm
reagent$impl$util$react_key_from_vec:Lm
reagent$ratom$RAtom:ln
reagent$ratom$RCursor:qn
reagent$ratom$Reaction:tn
reagent$ratom$Track:pn
reagent$ratom$_STAR_ratom_context_STAR_:cn
reagent$ratom$add_on_dispose_BANG_:sn
reagent$ratom$add_w:fn
reagent$ratom$atom:mn
reagent$ratom$cached_reaction:nn
reagent$ratom$deref_capture:dn
reagent$ratom$dispose_BANG_:rn
reagent$ratom$flush_BANG_:un
reagent$ratom$handle_reaction_change:Lb
reagent$ratom$make_reaction:on
reagent$ratom$notify_deref_watcher_BANG_:en
reagent$ratom$notify_w:hn
reagent$ratom$pr_atom:jn
reagent$ratom$rea_queue:kn
reagent$ratom$remove_w:gn
reagent$ratom$run_in_reaction:wn
reagent$ratom$temp_reaction:vn
shadow$js$files:rm
shadow$js$jsRequire:um
shadow$js$nativeProvides:sm
shadow$js$requireStack:tm
